exports[`test renders correctly 1`] = `
<nav
  className="eZvhkE">
  <div
    className="hHxprC">
    <img
      alt="team logo"
      className="cPvMma"
      src="test-file-stub" />
    <h1
      className="jUOHnK">
      Clai
    </h1>
  </div>
  <section
    className="cuAJPI">
    <a
      className="kKCtOZ"
      onClick={[Function]}
      style={Object {}}>
      <div
        className="Duegn">
        <svg
          height="16"
          viewBox="0 0 16 16"
          width="16">
          <g>
            <path
              d="M5.756,7.156H2.044c-0.772,0-1.4-0.628-1.4-1.4V2.043c0-0.772,0.628-1.4,1.4-1.4h3.712c0.772,0,1.4,0.628,1.4,1.4v3.713 C7.156,6.528,6.528,7.156,5.756,7.156z M2.044,1.644c-0.217,0-0.4,0.183-0.4,0.4v3.713c0,0.217,0.184,0.4,0.4,0.4h3.712 c0.221,0,0.4-0.179,0.4-0.4V2.043c0-0.221-0.179-0.4-0.4-0.4H2.044z" />
          </g>
          <g>
            <path
              d="M13.956,7.156h-3.712c-0.772,0-1.4-0.628-1.4-1.4V2.043c0-0.772,0.628-1.4,1.4-1.4h3.712c0.772,0,1.4,0.628,1.4,1.4v3.713 C15.356,6.528,14.729,7.156,13.956,7.156z M10.244,1.644c-0.217,0-0.4,0.183-0.4,0.4v3.713c0,0.217,0.184,0.4,0.4,0.4h3.712 c0.217,0,0.4-0.183,0.4-0.4V2.043c0-0.217-0.184-0.4-0.4-0.4H10.244z" />
          </g>
          <g>
            <path
              d="M5.756,15.356H2.044c-0.772,0-1.4-0.628-1.4-1.4v-3.713c0-0.772,0.628-1.4,1.4-1.4h3.712c0.772,0,1.4,0.628,1.4,1.4v3.713 C7.156,14.729,6.528,15.356,5.756,15.356z M2.044,9.844c-0.217,0-0.4,0.183-0.4,0.4v3.713c0,0.217,0.184,0.4,0.4,0.4h3.712 c0.221,0,0.4-0.179,0.4-0.4v-3.713c0-0.221-0.179-0.4-0.4-0.4H2.044z" />
          </g>
          <g>
            <path
              d="M13.956,15.356h-3.712c-0.772,0-1.4-0.628-1.4-1.4v-3.713c0-0.772,0.628-1.4,1.4-1.4h3.712c0.772,0,1.4,0.628,1.4,1.4 v3.713C15.356,14.729,14.729,15.356,13.956,15.356z M10.244,9.844c-0.217,0-0.4,0.183-0.4,0.4v3.713c0,0.217,0.184,0.4,0.4,0.4 h3.712c0.217,0,0.4-0.183,0.4-0.4v-3.713c0-0.217-0.184-0.4-0.4-0.4H10.244z" />
          </g>
        </svg>
        <h1>
          Collections
        </h1>
      </div>
    </a>
  </section>
</nav>
`;
