exports[`test renders correctly 1`] = `
ShallowWrapper {
  "complexSelector": ComplexSelector {
    "buildPredicate": [Function],
    "childrenOfNode": [Function],
    "findWhereUnwrapped": [Function],
  },
  "length": 1,
  "node": <styled.div>
    <h3>
        Share post in:
    </h3>
    <styled.select
        onChange={[Function]}
        value="">
        <option
            selected={true}
            value="">
            Select collection
        </option>
    </styled.select>
    <styled.div>
        You can add labels to your post once you’ve selected a collection.
    </styled.div>
    <styled.div />
</styled.div>,
  "nodes": Array [
    <styled.div>
      <h3>
            Share post in:
      </h3>
      <styled.select
            onChange={[Function]}
            value="">
            <option
                  selected={true}
                  value="">
                  Select collection
            </option>
      </styled.select>
      <styled.div>
            You can add labels to your post once you’ve selected a collection.
      </styled.div>
      <styled.div />
</styled.div>,
  ],
  "options": Object {},
  "renderer": ReactShallowRenderer {
    "_instance": ShallowComponentWrapper {
      "_calledComponentWillUnmount": false,
      "_compositeType": 0,
      "_context": Object {},
      "_currentElement": <CreateCard
        onShowLabels={[Function]} />,
      "_debugID": 1,
      "_hostContainerInfo": null,
      "_hostParent": null,
      "_instance": CreateCard {
        "_reactInternalInstance": [Circular],
        "addCard": [Function],
        "changeCollection": [Function],
        "context": Object {},
        "props": Object {
          "onShowLabels": [Function],
        },
        "refs": Object {},
        "state": null,
        "updater": Object {
          "enqueueCallback": [Function],
          "enqueueCallbackInternal": [Function],
          "enqueueElementInternal": [Function],
          "enqueueForceUpdate": [Function],
          "enqueueReplaceState": [Function],
          "enqueueSetState": [Function],
          "isMounted": [Function],
          "validateCallback": [Function],
        },
      },
      "_mountOrder": 1,
      "_pendingCallbacks": null,
      "_pendingElement": null,
      "_pendingForceUpdate": false,
      "_pendingReplaceState": false,
      "_pendingStateQueue": null,
      "_renderedComponent": NoopInternalComponent {
        "_currentElement": <styled.div>
          <h3>
                    Share post in:
          </h3>
          <styled.select
                    onChange={[Function]}
                    value="">
                    <option
                              selected={true}
                              value="">
                              Select collection
                    </option>
          </styled.select>
          <styled.div>
                    You can add labels to your post once you’ve selected a collection.
          </styled.div>
          <styled.div />
</styled.div>,
        "_debugID": 2,
        "_renderedOutput": <styled.div>
          <h3>
                    Share post in:
          </h3>
          <styled.select
                    onChange={[Function]}
                    value="">
                    <option
                              selected={true}
                              value="">
                              Select collection
                    </option>
          </styled.select>
          <styled.div>
                    You can add labels to your post once you’ve selected a collection.
          </styled.div>
          <styled.div />
</styled.div>,
      },
      "_renderedNodeType": 1,
      "_rootNodeID": 0,
      "_topLevelWrapper": null,
      "_updateBatchNumber": null,
      "_warnedAboutRefsInRender": false,
    },
    "getRenderOutput": [Function],
    "render": [Function],
  },
  "root": [Circular],
  "unrendered": <CreateCard
    onShowLabels={[Function]} />,
}
`;
