exports[`test renders correctly 1`] = `
ShallowWrapper {
  "complexSelector": ComplexSelector {
    "buildPredicate": [Function],
    "childrenOfNode": [Function],
    "findWhereUnwrapped": [Function],
  },
  "length": 1,
  "node": <div
    className={undefined}>
    <CreateTeam
        onChange={[Function]}
        onSubmit={[Function]}
        teamName="" />
</div>,
  "nodes": Array [
    <div
      className={undefined}>
      <CreateTeam
            onChange={[Function]}
            onSubmit={[Function]}
            teamName="" />
</div>,
  ],
  "options": Object {},
  "renderer": ReactShallowRenderer {
    "_instance": ShallowComponentWrapper {
      "_calledComponentWillUnmount": false,
      "_compositeType": 0,
      "_context": Object {},
      "_currentElement": <Admin
        createTeam={[Function]} />,
      "_debugID": 1,
      "_hostContainerInfo": null,
      "_hostParent": null,
      "_instance": Admin {
        "_reactInternalInstance": [Circular],
        "context": Object {},
        "createTeam": [Function],
        "props": Object {
          "createTeam": [Function],
        },
        "refs": Object {},
        "state": Object {
          "teamName": "",
        },
        "updater": Object {
          "enqueueCallback": [Function],
          "enqueueCallbackInternal": [Function],
          "enqueueElementInternal": [Function],
          "enqueueForceUpdate": [Function],
          "enqueueReplaceState": [Function],
          "enqueueSetState": [Function],
          "isMounted": [Function],
          "validateCallback": [Function],
        },
      },
      "_mountOrder": 1,
      "_pendingCallbacks": null,
      "_pendingElement": null,
      "_pendingForceUpdate": false,
      "_pendingReplaceState": false,
      "_pendingStateQueue": null,
      "_renderedComponent": NoopInternalComponent {
        "_currentElement": <div
          className={undefined}>
          <CreateTeam
                    onChange={[Function]}
                    onSubmit={[Function]}
                    teamName="" />
</div>,
        "_debugID": 2,
        "_renderedOutput": <div
          className={undefined}>
          <CreateTeam
                    onChange={[Function]}
                    onSubmit={[Function]}
                    teamName="" />
</div>,
      },
      "_renderedNodeType": 0,
      "_rootNodeID": 0,
      "_topLevelWrapper": null,
      "_updateBatchNumber": null,
      "_warnedAboutRefsInRender": false,
    },
    "getRenderOutput": [Function],
    "render": [Function],
  },
  "root": [Circular],
  "unrendered": <Admin
    createTeam={[Function]} />,
}
`;
