// Jest Snapshot v1, https://goo.gl/fbAQLP

exports[`renders correctly 1`] = `
ShallowWrapper {
  "complexSelector": ComplexSelector {
    "buildPredicate": [Function],
    "childrenOfNode": [Function],
    "findWhereUnwrapped": [Function],
  },
  "length": 1,
  "node": <styled.section>
    <styled.div>
        <h1>
            Reset Password
        </h1>
        <div>
            <Input
                notValid={false}
                onChange={[Function]}
                onKeyDown={null}
                placeholder="Enter a new password"
                title="new password"
                type="password"
                value=""
            />
            <Input
                notValid={false}
                onChange={[Function]}
                onKeyDown={[Function]}
                placeholder="Confirm new password"
                title="confirm password"
                type="password"
                value=""
            />
        </div>
        <div>
            <Unknown
                icon={<Unknown />}
                onClick={[Function]}
                text="Reset Password"
            />
        </div>
        <div />
    </styled.div>
    <styled.div>
        <p>
            Did you remember your old password? 
            <Link
                onlyActiveOnIndex={false}
                style={Object {}}
                to="/login"
            >
                Sign in!
            </Link>
        </p>
    </styled.div>
</styled.section>,
  "nodes": Array [
    <styled.section>
      <styled.div>
            <h1>
                  Reset Password
            </h1>
            <div>
                  <Input
                        notValid={false}
                        onChange={[Function]}
                        onKeyDown={null}
                        placeholder="Enter a new password"
                        title="new password"
                        type="password"
                        value=""
                  />
                  <Input
                        notValid={false}
                        onChange={[Function]}
                        onKeyDown={[Function]}
                        placeholder="Confirm new password"
                        title="confirm password"
                        type="password"
                        value=""
                  />
            </div>
            <div>
                  <Unknown
                        icon={<Unknown />}
                        onClick={[Function]}
                        text="Reset Password"
                  />
            </div>
            <div />
      </styled.div>
      <styled.div>
            <p>
                  Did you remember your old password? 
                  <Link
                        onlyActiveOnIndex={false}
                        style={Object {}}
                        to="/login"
                  >
                        Sign in!
                  </Link>
            </p>
      </styled.div>
</styled.section>,
  ],
  "options": Object {},
  "renderer": ReactShallowRenderer {
    "_instance": ShallowComponentWrapper {
      "_calledComponentWillUnmount": false,
      "_compositeType": 0,
      "_context": Object {},
      "_currentElement": <ResetPassword
        params={Object {}}
        resetPassword={[Function]}
/>,
      "_debugID": 1,
      "_hostContainerInfo": null,
      "_hostParent": null,
      "_instance": ResetPassword {
        "_reactInternalInstance": [Circular],
        "context": Object {},
        "onSubmit": [Function],
        "props": Object {
          "params": Object {},
          "resetPassword": [Function],
        },
        "refs": Object {},
        "state": Object {
          "message": "",
          "password": "",
          "passwordRepeat": "",
          "token": undefined,
        },
        "updater": Object {
          "enqueueCallback": [Function],
          "enqueueCallbackInternal": [Function],
          "enqueueElementInternal": [Function],
          "enqueueForceUpdate": [Function],
          "enqueueReplaceState": [Function],
          "enqueueSetState": [Function],
          "isMounted": [Function],
          "validateCallback": [Function],
        },
      },
      "_mountOrder": 1,
      "_pendingCallbacks": null,
      "_pendingElement": null,
      "_pendingForceUpdate": false,
      "_pendingReplaceState": false,
      "_pendingStateQueue": null,
      "_renderedComponent": NoopInternalComponent {
        "_currentElement": <styled.section>
          <styled.div>
                    <h1>
                              Reset Password
                    </h1>
                    <div>
                              <Input
                                        notValid={false}
                                        onChange={[Function]}
                                        onKeyDown={null}
                                        placeholder="Enter a new password"
                                        title="new password"
                                        type="password"
                                        value=""
                              />
                              <Input
                                        notValid={false}
                                        onChange={[Function]}
                                        onKeyDown={[Function]}
                                        placeholder="Confirm new password"
                                        title="confirm password"
                                        type="password"
                                        value=""
                              />
                    </div>
                    <div>
                              <Unknown
                                        icon={<Unknown />}
                                        onClick={[Function]}
                                        text="Reset Password"
                              />
                    </div>
                    <div />
          </styled.div>
          <styled.div>
                    <p>
                              Did you remember your old password? 
                              <Link
                                        onlyActiveOnIndex={false}
                                        style={Object {}}
                                        to="/login"
                              >
                                        Sign in!
                              </Link>
                    </p>
          </styled.div>
</styled.section>,
        "_debugID": 2,
        "_renderedOutput": <styled.section>
          <styled.div>
                    <h1>
                              Reset Password
                    </h1>
                    <div>
                              <Input
                                        notValid={false}
                                        onChange={[Function]}
                                        onKeyDown={null}
                                        placeholder="Enter a new password"
                                        title="new password"
                                        type="password"
                                        value=""
                              />
                              <Input
                                        notValid={false}
                                        onChange={[Function]}
                                        onKeyDown={[Function]}
                                        placeholder="Confirm new password"
                                        title="confirm password"
                                        type="password"
                                        value=""
                              />
                    </div>
                    <div>
                              <Unknown
                                        icon={<Unknown />}
                                        onClick={[Function]}
                                        text="Reset Password"
                              />
                    </div>
                    <div />
          </styled.div>
          <styled.div>
                    <p>
                              Did you remember your old password? 
                              <Link
                                        onlyActiveOnIndex={false}
                                        style={Object {}}
                                        to="/login"
                              >
                                        Sign in!
                              </Link>
                    </p>
          </styled.div>
</styled.section>,
      },
      "_renderedNodeType": 1,
      "_rootNodeID": 0,
      "_topLevelWrapper": null,
      "_updateBatchNumber": null,
      "_warnedAboutRefsInRender": false,
    },
    "getRenderOutput": [Function],
    "render": [Function],
  },
  "root": [Circular],
  "unrendered": <ResetPassword
    params={Object {}}
    resetPassword={[Function]}
/>,
}
`;
