// Jest Snapshot v1, https://goo.gl/fbAQLP

exports[`renders SquareButton 1`] = `
<button
  className="hzsDdV"
  onClick={[Function]}
  type={undefined}
>
  Hello
</button>
`;
