exports[`test renders correctly 1`] = `
<div
  className="iQUjGL">
  <div
    className="lmwPmP">
    <div />
    <div
      className="dwVQkf">
      <img
        alt="avatar"
        src={undefined} />
      <div>
        <h4 />
        <h5>
          @
        </h5>
      </div>
    </div>
  </div>
  <div
    className="ewliVH">
    <img
      alt="card"
      src={null} />
    <button
      onClick={[Function]}>
      Read more
    </button>
  </div>
  <div
    className="fdBgn">
    <div>
      <div
        className="eEtODH"
        onClick={[Function]}>
        <svg
          height="16"
          viewBox="0 0 16.6 16"
          width="16.6">
          <g>
            <g
              id="XMLID_1_">
              <g>
                <path
                  d="M8.05,1.2c-3.82,0-6.93,2.85-6.93,6.37s3.11,6.38,6.93,6.38c0.86,0,1.71-0.15,2.51-0.43c0.17-0.08,0.38-0.06,0.53,0.08 c0.03,0.02,0.94,0.78,2.82,1.03c-0.76-1.15-0.63-2.65-0.63-2.73c0.01-0.11,0.06-0.21,0.13-0.29c1.04-1.19,1.57-2.57,1.57-4.04 C14.98,4.06,11.87,1.2,8.05,1.2z M8.05,14.95c-4.37,0-7.93-3.31-7.93-7.38c0-4.06,3.56-7.37,7.93-7.37s7.93,3.3,7.93,7.37 c0,1.66-0.61,3.28-1.71,4.57c-0.01,0.45,0.05,1.77,0.92,2.4c0.23,0.17,0.33,0.46,0.24,0.73c-0.09,0.26-0.33,0.43-0.61,0.43 c0,0-0.01,0-0.02,0c-2.26-0.06-3.6-0.81-4.13-1.17C9.83,14.81,8.95,14.95,8.05,14.95z" />
              </g>
            </g>
          </g>
        </svg>
        <span>
          0
        </span>
      </div>
      <div
        className="eEtODH"
        onClick={[Function]}>
        <svg
          height="16"
          viewBox="0 0 18 16"
          width="18">
          <path
            d="M17.74,5.32c0-2.72-2.21-4.94-4.94-4.94c-1.55,0-2.98,0.72-3.9,1.92C7.98,1.1,6.55,0.38,5,0.38c-2.73,0-4.95,2.22-4.94,4.89 C0.03,5.5-0.41,10.8,8.64,15.43c0.01,0.01,0.02,0.01,0.03,0.02c0.04,0.01,0.07,0.03,0.1,0.03c0.04,0.01,0.09,0.02,0.13,0.02 c0.04,0,0.09-0.01,0.13-0.02c0.03,0,0.06-0.02,0.1-0.03c0.01-0.01,0.02-0.01,0.03-0.02C18.21,10.8,17.76,5.5,17.74,5.32z M8.9,14.43 c-8.18-4.26-7.85-9.01-7.85-9.11c0-2.17,1.77-3.94,3.95-3.94c1.44,0,2.77,0.79,3.46,2.05c0.05,0.08,0.11,0.15,0.2,0.2 c0.24,0.14,0.55,0.05,0.68-0.2c0.69-1.26,2.02-2.05,3.46-2.05c2.17,0,3.94,1.77,3.95,4C16.75,5.42,17.14,10.14,8.9,14.43z" />
        </svg>
        <span>
          0
        </span>
      </div>
      <div
        className="eEtODH"
        onClick={[Function]}>
        <svg
          height="16"
          viewBox="0 0 16 16"
          width="16">
          <g>
            <path
              d="M2.891,10.151C1.705,10.151,0.74,9.185,0.74,8c0-1.186,0.965-2.151,2.151-2.151S5.042,6.814,5.042,8 C5.042,9.185,4.077,10.151,2.891,10.151z M2.891,6.749C2.201,6.749,1.64,7.31,1.64,8c0,0.69,0.561,1.251,1.251,1.251 S4.142,8.689,4.142,8C4.142,7.31,3.581,6.749,2.891,6.749z" />
          </g>
          <g>
            <path
              d="M8,10.151c-1.186,0-2.151-0.965-2.151-2.151c0-1.186,0.965-2.151,2.151-2.151S10.151,6.814,10.151,8 C10.151,9.186,9.186,10.151,8,10.151z M8,6.749C7.31,6.749,6.749,7.31,6.749,8C6.749,8.69,7.31,9.251,8,9.251S9.251,8.69,9.251,8 C9.251,7.31,8.69,6.749,8,6.749z" />
          </g>
          <g>
            <path
              d="M13.109,10.151c-1.186,0-2.151-0.965-2.151-2.151c0-1.186,0.965-2.151,2.151-2.151S15.26,6.814,15.26,8 C15.26,9.185,14.295,10.151,13.109,10.151z M13.109,6.749c-0.69,0-1.251,0.561-1.251,1.251c0,0.69,0.561,1.251,1.251,1.251 S14.36,8.689,14.36,8C14.36,7.31,13.799,6.749,13.109,6.749z" />
          </g>
        </svg>
      </div>
    </div>
    <span
      className="cKgiew">
      Invalid date
    </span>
  </div>
</div>
`;
