exports[`test renders correctly 1`] = `
ShallowWrapper {
  "complexSelector": ComplexSelector {
    "buildPredicate": [Function],
    "childrenOfNode": [Function],
    "findWhereUnwrapped": [Function],
  },
  "length": 1,
  "node": <styled.section>
    <h1>
        Profile
    </h1>
    <ProfilePic
        onChange={[Function]}
        picture={null} />
    <styled.div>
        <Input
            notValid={false}
            onChange={[Function]}
            onKeyDown={null}
            placeholder="John Doe"
            title="Full Name"
            type={null}
            value="" />
        <h5>
            Your name goes whereever you go on Cuest, and will help new teammates get to know you.
        </h5>
    </styled.div>
    <styled.div>
        <Input
            notValid={false}
            onChange={[Function]}
            onKeyDown={null}
            placeholder="john"
            title="Username"
            type={null}
            value="" />
        <h5>
            Here\'s how you\'re username looks: 
            <span>
                @
                
            </span>
        </h5>
    </styled.div>
    <styled.div />
    <styled.div>
        <Unknown
            onClick={[Function]}
            text="Save"
            type="primary" />
    </styled.div>
</styled.section>,
  "nodes": Array [
    <styled.section>
      <h1>
            Profile
      </h1>
      <ProfilePic
            onChange={[Function]}
            picture={null} />
      <styled.div>
            <Input
                  notValid={false}
                  onChange={[Function]}
                  onKeyDown={null}
                  placeholder="John Doe"
                  title="Full Name"
                  type={null}
                  value="" />
            <h5>
                  Your name goes whereever you go on Cuest, and will help new teammates get to know you.
            </h5>
      </styled.div>
      <styled.div>
            <Input
                  notValid={false}
                  onChange={[Function]}
                  onKeyDown={null}
                  placeholder="john"
                  title="Username"
                  type={null}
                  value="" />
            <h5>
                  Here\'s how you\'re username looks: 
                  <span>
                        @
                        
                  </span>
            </h5>
      </styled.div>
      <styled.div />
      <styled.div>
            <Unknown
                  onClick={[Function]}
                  text="Save"
                  type="primary" />
      </styled.div>
</styled.section>,
  ],
  "options": Object {},
  "renderer": ReactShallowRenderer {
    "_instance": ShallowComponentWrapper {
      "_calledComponentWillUnmount": false,
      "_compositeType": 0,
      "_context": Object {},
      "_currentElement": <SettingsProfile
        data={Object {}}
        updateUser={[Function]} />,
      "_debugID": 1,
      "_hostContainerInfo": null,
      "_hostParent": null,
      "_instance": SettingsProfile {
        "_reactInternalInstance": [Circular],
        "changeField": [Function],
        "context": Object {},
        "onSave": [Function],
        "props": Object {
          "data": Object {},
          "updateUser": [Function],
        },
        "refs": Object {},
        "state": Object {
          "avatar": null,
          "errorMessage": null,
          "isSaved": false,
          "name": "",
          "username": "",
        },
        "updater": Object {
          "enqueueCallback": [Function],
          "enqueueCallbackInternal": [Function],
          "enqueueElementInternal": [Function],
          "enqueueForceUpdate": [Function],
          "enqueueReplaceState": [Function],
          "enqueueSetState": [Function],
          "isMounted": [Function],
          "validateCallback": [Function],
        },
      },
      "_mountOrder": 1,
      "_pendingCallbacks": null,
      "_pendingElement": null,
      "_pendingForceUpdate": false,
      "_pendingReplaceState": false,
      "_pendingStateQueue": null,
      "_renderedComponent": NoopInternalComponent {
        "_currentElement": <styled.section>
          <h1>
                    Profile
          </h1>
          <ProfilePic
                    onChange={[Function]}
                    picture={null} />
          <styled.div>
                    <Input
                              notValid={false}
                              onChange={[Function]}
                              onKeyDown={null}
                              placeholder="John Doe"
                              title="Full Name"
                              type={null}
                              value="" />
                    <h5>
                              Your name goes whereever you go on Cuest, and will help new teammates get to know you.
                    </h5>
          </styled.div>
          <styled.div>
                    <Input
                              notValid={false}
                              onChange={[Function]}
                              onKeyDown={null}
                              placeholder="john"
                              title="Username"
                              type={null}
                              value="" />
                    <h5>
                              Here\'s how you\'re username looks: 
                              <span>
                                        @
                                        
                              </span>
                    </h5>
          </styled.div>
          <styled.div />
          <styled.div>
                    <Unknown
                              onClick={[Function]}
                              text="Save"
                              type="primary" />
          </styled.div>
</styled.section>,
        "_debugID": 2,
        "_renderedOutput": <styled.section>
          <h1>
                    Profile
          </h1>
          <ProfilePic
                    onChange={[Function]}
                    picture={null} />
          <styled.div>
                    <Input
                              notValid={false}
                              onChange={[Function]}
                              onKeyDown={null}
                              placeholder="John Doe"
                              title="Full Name"
                              type={null}
                              value="" />
                    <h5>
                              Your name goes whereever you go on Cuest, and will help new teammates get to know you.
                    </h5>
          </styled.div>
          <styled.div>
                    <Input
                              notValid={false}
                              onChange={[Function]}
                              onKeyDown={null}
                              placeholder="john"
                              title="Username"
                              type={null}
                              value="" />
                    <h5>
                              Here\'s how you\'re username looks: 
                              <span>
                                        @
                                        
                              </span>
                    </h5>
          </styled.div>
          <styled.div />
          <styled.div>
                    <Unknown
                              onClick={[Function]}
                              text="Save"
                              type="primary" />
          </styled.div>
</styled.section>,
      },
      "_renderedNodeType": 1,
      "_rootNodeID": 0,
      "_topLevelWrapper": null,
      "_updateBatchNumber": null,
      "_warnedAboutRefsInRender": false,
    },
    "getRenderOutput": [Function],
    "render": [Function],
  },
  "root": [Circular],
  "unrendered": <SettingsProfile
    data={Object {}}
    updateUser={[Function]} />,
}
`;
