exports[`test renders BaseStats 1`] = `
ShallowWrapper {
  "complexSelector": ComplexSelector {
    "buildPredicate": [Function],
    "childrenOfNode": [Function],
    "findWhereUnwrapped": [Function],
  },
  "length": 1,
  "node": <div
    className={undefined}>
    <div
        className={undefined}>
        <Connect(ToolBar) />
    </div>
    <div
        className={undefined}>
        <div>
            No Channels
        </div>
    </div>
</div>,
  "nodes": Array [
    <div
      className={undefined}>
      <div
            className={undefined}>
            <Connect(ToolBar) />
      </div>
      <div
            className={undefined}>
            <div>
                  No Channels
            </div>
      </div>
</div>,
  ],
  "options": Object {},
  "renderer": ReactShallowRenderer {
    "_instance": ShallowComponentWrapper {
      "_calledComponentWillUnmount": false,
      "_compositeType": 0,
      "_context": Object {},
      "_currentElement": <BaseStats
        channels={Array []}
        getTeam={[Function]} />,
      "_debugID": 1,
      "_hostContainerInfo": null,
      "_hostParent": null,
      "_instance": BaseStats {
        "_reactInternalInstance": [Circular],
        "context": Object {},
        "props": Object {
          "channels": Array [],
          "getTeam": [Function],
        },
        "refs": Object {},
        "renderStats": [Function],
        "state": null,
        "updater": Object {
          "enqueueCallback": [Function],
          "enqueueCallbackInternal": [Function],
          "enqueueElementInternal": [Function],
          "enqueueForceUpdate": [Function],
          "enqueueReplaceState": [Function],
          "enqueueSetState": [Function],
          "isMounted": [Function],
          "validateCallback": [Function],
        },
      },
      "_mountOrder": 1,
      "_pendingCallbacks": null,
      "_pendingElement": null,
      "_pendingForceUpdate": false,
      "_pendingReplaceState": false,
      "_pendingStateQueue": null,
      "_renderedComponent": NoopInternalComponent {
        "_currentElement": <div
          className={undefined}>
          <div
                    className={undefined}>
                    <Connect(ToolBar) />
          </div>
          <div
                    className={undefined}>
                    <div>
                              No Channels
                    </div>
          </div>
</div>,
        "_debugID": 2,
        "_renderedOutput": <div
          className={undefined}>
          <div
                    className={undefined}>
                    <Connect(ToolBar) />
          </div>
          <div
                    className={undefined}>
                    <div>
                              No Channels
                    </div>
          </div>
</div>,
      },
      "_renderedNodeType": 0,
      "_rootNodeID": 0,
      "_topLevelWrapper": null,
      "_updateBatchNumber": null,
      "_warnedAboutRefsInRender": false,
    },
    "getRenderOutput": [Function],
    "render": [Function],
  },
  "root": [Circular],
  "unrendered": <BaseStats
    channels={Array []}
    getTeam={[Function]} />,
}
`;
