exports[`test renders correctly 1`] = `
ShallowWrapper {
  "complexSelector": ComplexSelector {
    "buildPredicate": [Function],
    "childrenOfNode": [Function],
    "findWhereUnwrapped": [Function],
  },
  "length": 1,
  "node": <styled.nav>
    <styled.div>
        Writing in CollectionName
    </styled.div>
    <styled.div>
        <img
            alt="logo"
            src="test-file-stub" />
    </styled.div>
    <styled.div>
        <Unknown
            onClick={[Function]}
            text="Edit card"
            type="secondaryAction" />
        <styled.button
            onClick={[Function]}>
            ×
        </styled.button>
    </styled.div>
</styled.nav>,
  "nodes": Array [
    <styled.nav>
      <styled.div>
            Writing in CollectionName
      </styled.div>
      <styled.div>
            <img
                  alt="logo"
                  src="test-file-stub" />
      </styled.div>
      <styled.div>
            <Unknown
                  onClick={[Function]}
                  text="Edit card"
                  type="secondaryAction" />
            <styled.button
                  onClick={[Function]}>
                  ×
            </styled.button>
      </styled.div>
</styled.nav>,
  ],
  "options": Object {},
  "renderer": ReactShallowRenderer {
    "_instance": ShallowComponentWrapper {
      "_calledComponentWillUnmount": false,
      "_compositeType": 0,
      "_context": Object {},
      "_currentElement": <TopBar
        changeCardLabel={[Function]}
        collectionId="1"
        isLoading={false}
        labels={Array []}
        onClose={[Function]}
        onEdit={[Function]}
        onSave={[Function]}
        showComments={[Function]}
        showEdit={false} />,
      "_debugID": 1,
      "_hostContainerInfo": null,
      "_hostParent": null,
      "_instance": TopBar {
        "_reactInternalInstance": [Circular],
        "context": Object {},
        "props": Object {
          "changeCardLabel": [Function],
          "collectionId": "1",
          "isLoading": false,
          "labels": Array [],
          "onClose": [Function],
          "onEdit": [Function],
          "onSave": [Function],
          "showComments": [Function],
          "showEdit": false,
        },
        "refs": Object {},
        "renderButtons": [Function],
        "state": Object {
          "showLabels": false,
        },
        "updater": Object {
          "enqueueCallback": [Function],
          "enqueueCallbackInternal": [Function],
          "enqueueElementInternal": [Function],
          "enqueueForceUpdate": [Function],
          "enqueueReplaceState": [Function],
          "enqueueSetState": [Function],
          "isMounted": [Function],
          "validateCallback": [Function],
        },
      },
      "_mountOrder": 1,
      "_pendingCallbacks": null,
      "_pendingElement": null,
      "_pendingForceUpdate": false,
      "_pendingReplaceState": false,
      "_pendingStateQueue": null,
      "_renderedComponent": NoopInternalComponent {
        "_currentElement": <styled.nav>
          <styled.div>
                    Writing in CollectionName
          </styled.div>
          <styled.div>
                    <img
                              alt="logo"
                              src="test-file-stub" />
          </styled.div>
          <styled.div>
                    <Unknown
                              onClick={[Function]}
                              text="Edit card"
                              type="secondaryAction" />
                    <styled.button
                              onClick={[Function]}>
                              ×
                    </styled.button>
          </styled.div>
</styled.nav>,
        "_debugID": 2,
        "_renderedOutput": <styled.nav>
          <styled.div>
                    Writing in CollectionName
          </styled.div>
          <styled.div>
                    <img
                              alt="logo"
                              src="test-file-stub" />
          </styled.div>
          <styled.div>
                    <Unknown
                              onClick={[Function]}
                              text="Edit card"
                              type="secondaryAction" />
                    <styled.button
                              onClick={[Function]}>
                              ×
                    </styled.button>
          </styled.div>
</styled.nav>,
      },
      "_renderedNodeType": 1,
      "_rootNodeID": 0,
      "_topLevelWrapper": null,
      "_updateBatchNumber": null,
      "_warnedAboutRefsInRender": false,
    },
    "getRenderOutput": [Function],
    "render": [Function],
  },
  "root": [Circular],
  "unrendered": <TopBar
    changeCardLabel={[Function]}
    collectionId="1"
    isLoading={false}
    labels={Array []}
    onClose={[Function]}
    onEdit={[Function]}
    onSave={[Function]}
    showComments={[Function]}
    showEdit={false} />,
}
`;
