exports[`test renders correctly 1`] = `
<div
  className={undefined}>
  <div
    className={undefined}>
    <h1>
      Settings:
    </h1>
    <button
      className="bBPMRg"
      onClick={[Function]}
      type={null}>
      Sign out
    </button>
  </div>
</div>
`;
