// Jest Snapshot v1, https://goo.gl/fbAQLP

exports[`renders correctly 1`] = `
ShallowWrapper {
  "complexSelector": ComplexSelector {
    "buildPredicate": [Function],
    "childrenOfNode": [Function],
    "findWhereUnwrapped": [Function],
  },
  "length": 1,
  "node": <styled.div>
    <div>
        <styled.div
            onClick={[Function]}
        >
            <span>
                Sort by:
            </span>
            <label />
        </styled.div>
    </div>
    <div>
        <styled.div
            onClick={[Function]}
        >
            <span>
                Filter:
            </span>
            <label />
        </styled.div>
    </div>
    <styled.div />
</styled.div>,
  "nodes": Array [
    <styled.div>
      <div>
            <styled.div
                  onClick={[Function]}
            >
                  <span>
                        Sort by:
                  </span>
                  <label />
            </styled.div>
      </div>
      <div>
            <styled.div
                  onClick={[Function]}
            >
                  <span>
                        Filter:
                  </span>
                  <label />
            </styled.div>
      </div>
      <styled.div />
</styled.div>,
  ],
  "options": Object {},
  "renderer": ReactShallowRenderer {
    "_instance": ShallowComponentWrapper {
      "_calledComponentWillUnmount": false,
      "_compositeType": 0,
      "_context": Object {},
      "_currentElement": <Toolbar />,
      "_debugID": 1,
      "_hostContainerInfo": null,
      "_hostParent": null,
      "_instance": Toolbar {
        "_reactInternalInstance": [Circular],
        "context": Object {},
        "props": Object {},
        "refs": Object {},
        "renderFilterItems": [Function],
        "renderLabels": [Function],
        "renderSortItems": [Function],
        "state": Object {
          "showFilter": false,
          "showSort": false,
        },
        "updater": Object {
          "enqueueCallback": [Function],
          "enqueueCallbackInternal": [Function],
          "enqueueElementInternal": [Function],
          "enqueueForceUpdate": [Function],
          "enqueueReplaceState": [Function],
          "enqueueSetState": [Function],
          "isMounted": [Function],
          "validateCallback": [Function],
        },
      },
      "_mountOrder": 1,
      "_pendingCallbacks": null,
      "_pendingElement": null,
      "_pendingForceUpdate": false,
      "_pendingReplaceState": false,
      "_pendingStateQueue": null,
      "_renderedComponent": NoopInternalComponent {
        "_currentElement": <styled.div>
          <div>
                    <styled.div
                              onClick={[Function]}
                    >
                              <span>
                                        Sort by:
                              </span>
                              <label />
                    </styled.div>
          </div>
          <div>
                    <styled.div
                              onClick={[Function]}
                    >
                              <span>
                                        Filter:
                              </span>
                              <label />
                    </styled.div>
          </div>
          <styled.div />
</styled.div>,
        "_debugID": 2,
        "_renderedOutput": <styled.div>
          <div>
                    <styled.div
                              onClick={[Function]}
                    >
                              <span>
                                        Sort by:
                              </span>
                              <label />
                    </styled.div>
          </div>
          <div>
                    <styled.div
                              onClick={[Function]}
                    >
                              <span>
                                        Filter:
                              </span>
                              <label />
                    </styled.div>
          </div>
          <styled.div />
</styled.div>,
      },
      "_renderedNodeType": 1,
      "_rootNodeID": 0,
      "_topLevelWrapper": null,
      "_updateBatchNumber": null,
      "_warnedAboutRefsInRender": false,
    },
    "getRenderOutput": [Function],
    "render": [Function],
  },
  "root": [Circular],
  "unrendered": <Toolbar />,
}
`;
