exports[`test renders correctly 1`] = `
<div
  className="gTWMPT">
  <div>
    <div
      className="hqCZJo"
      style={
        Object {
          "left": "25px",
        }
      } />
    <div
      className="fEcnKi" />
  </div>
</div>
`;
