exports[`test renders correctly 1`] = `
<div
  className={undefined}>
  <div
    className={undefined}>
    <h1>
      Create Account
    </h1>
    <div
      className={undefined}>
      <div>
        <h5
          className="eKaiQM">
          Name
        </h5>
        <input
          className="bwXyts"
          onChange={[Function]}
          placeholder="Name"
          type="name"
          value="" />
      </div>
      <div>
        <h5
          className="eKaiQM">
          Email
        </h5>
        <input
          className="bwXyts"
          onChange={[Function]}
          placeholder="Email"
          type="email"
          value="" />
      </div>
      <div>
        <h5
          className="eKaiQM">
          Password
        </h5>
        <input
          className="bwXyts"
          onChange={[Function]}
          placeholder="Password"
          type="password"
          value="" />
      </div>
    </div>
    <div
      className={undefined}>
      <button
        className="bBPMRg"
        onClick={[Function]}
        type={null}>
        Login
      </button>
      <button
        className="iZsHgX"
        onClick={[Function]}
        type="primary">
        Create Account
      </button>
    </div>
    <div
      className={undefined} />
  </div>
</div>
`;
