exports[`test renders correctly 1`] = `
ShallowWrapper {
  "complexSelector": ComplexSelector {
    "buildPredicate": [Function],
    "childrenOfNode": [Function],
    "findWhereUnwrapped": [Function],
  },
  "length": 1,
  "node": <styled.div>
    <styled.div>
        <img
            alt="avatar"
            src={null} />
    </styled.div>
    <styled.div>
        <label>
            Clear frontal face pictures is an important way for teammates to identify each other.
        </label>
        <Unknown
            onClick={[Function]}
            text="Upload a file"
            type="white" />
        <input
            accept="image/*"
            onChange={[Function]}
            style={
                Object {
                    "display": "none",
                  }
            }
            type="file" />
    </styled.div>
</styled.div>,
  "nodes": Array [
    <styled.div>
      <styled.div>
            <img
                  alt="avatar"
                  src={null} />
      </styled.div>
      <styled.div>
            <label>
                  Clear frontal face pictures is an important way for teammates to identify each other.
            </label>
            <Unknown
                  onClick={[Function]}
                  text="Upload a file"
                  type="white" />
            <input
                  accept="image/*"
                  onChange={[Function]}
                  style={
                        Object {
                              "display": "none",
                            }
                  }
                  type="file" />
      </styled.div>
</styled.div>,
  ],
  "options": Object {},
  "renderer": ReactShallowRenderer {
    "_instance": ShallowComponentWrapper {
      "_calledComponentWillUnmount": false,
      "_compositeType": 0,
      "_context": Object {},
      "_currentElement": <ProfilePic
        onChange={[Function]}
        picture={null} />,
      "_debugID": 1,
      "_hostContainerInfo": null,
      "_hostParent": null,
      "_instance": ProfilePic {
        "_reactInternalInstance": [Circular],
        "context": Object {},
        "onChange": [Function],
        "onClick": [Function],
        "props": Object {
          "onChange": [Function],
          "picture": null,
        },
        "refs": Object {},
        "state": Object {
          "isLoading": false,
        },
        "updater": Object {
          "enqueueCallback": [Function],
          "enqueueCallbackInternal": [Function],
          "enqueueElementInternal": [Function],
          "enqueueForceUpdate": [Function],
          "enqueueReplaceState": [Function],
          "enqueueSetState": [Function],
          "isMounted": [Function],
          "validateCallback": [Function],
        },
      },
      "_mountOrder": 1,
      "_pendingCallbacks": null,
      "_pendingElement": null,
      "_pendingForceUpdate": false,
      "_pendingReplaceState": false,
      "_pendingStateQueue": null,
      "_renderedComponent": NoopInternalComponent {
        "_currentElement": <styled.div>
          <styled.div>
                    <img
                              alt="avatar"
                              src={null} />
          </styled.div>
          <styled.div>
                    <label>
                              Clear frontal face pictures is an important way for teammates to identify each other.
                    </label>
                    <Unknown
                              onClick={[Function]}
                              text="Upload a file"
                              type="white" />
                    <input
                              accept="image/*"
                              onChange={[Function]}
                              style={
                                        Object {
                                                  "display": "none",
                                                }
                              }
                              type="file" />
          </styled.div>
</styled.div>,
        "_debugID": 2,
        "_renderedOutput": <styled.div>
          <styled.div>
                    <img
                              alt="avatar"
                              src={null} />
          </styled.div>
          <styled.div>
                    <label>
                              Clear frontal face pictures is an important way for teammates to identify each other.
                    </label>
                    <Unknown
                              onClick={[Function]}
                              text="Upload a file"
                              type="white" />
                    <input
                              accept="image/*"
                              onChange={[Function]}
                              style={
                                        Object {
                                                  "display": "none",
                                                }
                              }
                              type="file" />
          </styled.div>
</styled.div>,
      },
      "_renderedNodeType": 1,
      "_rootNodeID": 0,
      "_topLevelWrapper": null,
      "_updateBatchNumber": null,
      "_warnedAboutRefsInRender": false,
    },
    "getRenderOutput": [Function],
    "render": [Function],
  },
  "root": [Circular],
  "unrendered": <ProfilePic
    onChange={[Function]}
    picture={null} />,
}
`;
