exports[`test renders correctly 1`] = `
<div
  className={undefined}>
  PROFILE
</div>
`;
