exports[`[object Object] 1`] = `
<button
  className="jUAUJa"
  onClick={[Function]}>
  
</button>
`;
