exports[`test renders correctly 1`] = `
<div
  className="bUuDYD">
  <h3
    className="ihqnMT">
    collection
  </h3>
  <p
    className="kqXysH" />
</div>
`;
