exports[`test renders correctly 1`] = `
<div>
  <h5
    className="eKaiQM">
    Name
  </h5>
  <input
    className="llFZIf"
    onChange={[Function]}
    onKeyDown={null}
    placeholder={null}
    type="text"
    value={null} />
</div>
`;
