// Jest Snapshot v1, https://goo.gl/fbAQLP

exports[`renders correctly 1`] = `
ShallowWrapper {
  "complexSelector": ComplexSelector {
    "buildPredicate": [Function],
    "childrenOfNode": [Function],
    "findWhereUnwrapped": [Function],
  },
  "length": 1,
  "node": <div>
    <styled.h5 />
    <styled.textarea
        onChange={[Function]}
        placeholder={null}
        value=""
    />
</div>,
  "nodes": Array [
    <div>
      <styled.h5 />
      <styled.textarea
            onChange={[Function]}
            placeholder={null}
            value=""
      />
</div>,
  ],
  "options": Object {},
  "renderer": ReactShallowRenderer {
    "_instance": ShallowComponentWrapper {
      "_calledComponentWillUnmount": false,
      "_compositeType": 2,
      "_context": Object {},
      "_currentElement": <TextField
        onChange={[Function]}
        placeholder={null}
        title=""
        value=""
/>,
      "_debugID": 1,
      "_hostContainerInfo": null,
      "_hostParent": null,
      "_instance": StatelessComponent {
        "_reactInternalInstance": [Circular],
        "context": Object {},
        "props": Object {
          "onChange": [Function],
          "placeholder": null,
          "title": "",
          "value": "",
        },
        "refs": Object {},
        "state": null,
        "updater": Object {
          "enqueueCallback": [Function],
          "enqueueCallbackInternal": [Function],
          "enqueueElementInternal": [Function],
          "enqueueForceUpdate": [Function],
          "enqueueReplaceState": [Function],
          "enqueueSetState": [Function],
          "isMounted": [Function],
          "validateCallback": [Function],
        },
      },
      "_mountOrder": 1,
      "_pendingCallbacks": null,
      "_pendingElement": null,
      "_pendingForceUpdate": false,
      "_pendingReplaceState": false,
      "_pendingStateQueue": null,
      "_renderedComponent": NoopInternalComponent {
        "_currentElement": <div>
          <styled.h5 />
          <styled.textarea
                    onChange={[Function]}
                    placeholder={null}
                    value=""
          />
</div>,
        "_debugID": 2,
        "_renderedOutput": <div>
          <styled.h5 />
          <styled.textarea
                    onChange={[Function]}
                    placeholder={null}
                    value=""
          />
</div>,
      },
      "_renderedNodeType": 0,
      "_rootNodeID": 0,
      "_topLevelWrapper": null,
      "_updateBatchNumber": null,
      "_warnedAboutRefsInRender": false,
    },
    "getRenderOutput": [Function],
    "render": [Function],
  },
  "root": [Circular],
  "unrendered": <TextField
    onChange={[Function]}
    placeholder={null}
    title=""
    value=""
/>,
}
`;
