exports[`test Home renders 1`] = `
<div
  className={undefined}>
  <h1>
    Home
  </h1>
  <img
    role="presentation"
    src="test-file-stub" />
</div>
`;
