exports[`test renders Dropdown 1`] = `
<div>
  <div
    className="hqCZJo"
    style={
      Object {
        "right": "25px",
      }
    } />
  <div
    className="fEcnKi" />
</div>
`;
