exports[`test renders ChannelStats 1`] = `
<div
  className={undefined}>
  <header>
    <h1>
      general
    </h1>
  </header>
  <div
    className={undefined} />
</div>
`;
