exports[`test renders correctly 1`] = `
<section
  className="bGtZFR">
  <div
    className="hsANYj">
    <div
      className="jqVAxc">
      <h1>
        Add/Edit collection: 
      </h1>
      <button
        className="gxoqIZ"
        onClick={[Function]}>
        Ã—
      </button>
    </div>
    <div
      className="hbuMgW">
      <div
        className="ztAri"
        onClick={[Function]}>
        <img
          alt="cover"
          src="test-file-stub" />
        <input
          accept="image/*"
          onChange={[Function]}
          style={
            Object {
              "display": "none",
            }
          }
          type="file" />
      </div>
      <div>
        <h5
          className="dRMKoo" />
        <input
          className="bwXyts"
          onChange={[Function]}
          onKeyDown={null}
          placeholder="Name your collection"
          type="text"
          value="" />
      </div>
      <div>
        <h5
          className="eKaiQM">
          
        </h5>
        <textarea
          className="cVtAGf"
          onChange={[Function]}
          placeholder="Add a description..."
          value="" />
      </div>
    </div>
    <div
      className="kKvTgr">
      <button
        className="jpCUHi"
        onClick={[Function]}
        type={undefined}>
        Cancel
      </button>
      <button
        className="hQjvYS"
        onClick={[Function]}
        type="primary">
        Save
      </button>
    </div>
  </div>
</section>
`;
