exports[`test renders correctly 1`] = `
<div
  className={undefined}>
  <nav
    className={undefined}>
    <div
      className={undefined} />
    <div
      className={undefined}>
      <a
        className={undefined}
        onClick={[Function]}
        style={Object {}}>
        <div
          className={undefined}>
          <img
            alt="profile"
            src="//style.anu.edu.au/_anu/4/images/placeholders/person.png" />
        </div>
      </a>
    </div>
  </nav>
  <div
    className={undefined}>
    <div
      className={undefined}>
      <div
        className={undefined}>
        <div
          className={undefined}>
          <div
            className={undefined}>
            KNOWLEDGESTATS
          </div>
        </div>
        <div
          className={undefined}>
          <button
            className=" "
            onClick={[Function]}>
            <div>
              <label
                className={undefined}
                htmlFor="text">
                Add Collection
              </label>
            </div>
          </button>
        </div>
      </div>
      <div
        className={undefined}>
        <a
          onClick={[Function]}
          style={Object {}}>
          <div
            className={undefined}>
            <div
              className={undefined}>
              <h1>
                Design
              </h1>
            </div>
          </div>
        </a>
        <a
          onClick={[Function]}
          style={Object {}}>
          <div
            className={undefined}>
            <div
              className={undefined}>
              <h1>
                Frontend
              </h1>
            </div>
          </div>
        </a>
        <a
          onClick={[Function]}
          style={Object {}}>
          <div
            className={undefined}>
            <div
              className={undefined}>
              <h1>
                Strategy
              </h1>
            </div>
          </div>
        </a>
      </div>
    </div>
  </div>
</div>
`;
