exports[`test renders Graph 1`] = `
<div
  className={undefined} />
`;
