exports[`test renders correctly 1`] = `
<div
  className="gmuKOB">
  <section
    className="pjIGs">
    <div
      className="jtxdxF">
      <h1>
        Collections
      </h1>
      <p>
        A collection of useful articles, work, notes & anything else needed to stimulate collective learning.
      </p>
      <div
        className="dzrwBE">
        <div>
          <h3 />
          <h5>
            Collections
          </h5>
        </div>
      </div>
    </div>
    <div
      className="cWGcft">
      <button
        className="hQjvYS"
        onClick={[Function]}
        type="primary">
        Add Collection
      </button>
    </div>
  </section>
  <div
    className="gVkhVA">
    <h2>
      Collections
    </h2>
    <img
      alt="empty state"
      src="test-file-stub" />
    <p>
      You havenâ€™t created any collections yet. Create your first collection by hitting the button below.
    </p>
    <button
      className="jpCUHi"
      onClick={[Function]}
      type={undefined}>
      Create Collection
    </button>
  </div>
</div>
`;
